// Jest Snapshot v1, https://goo.gl/fbAQLP

exports[`ItemListEmptyState should render a children 1`] = `
<div
  class="mantine-Stack-root mantine-njf2rt"
  style="padding: 3.75rem; flex: 1; grid-column-end: 1; grid-row-end: 2;"
>
  <img
    src="/test/test.png"
  />
  <div>
    test1
  </div>
  <div>
    test2
  </div>
</div>
`;

exports[`ItemListEmptyState should render a icon 1`] = `
<img
  src="/test/test.png"
/>
`;
