// Jest Snapshot v1, https://goo.gl/fbAQLP

exports[`Link should render poap image 1`] = `
<a
  href="/test/test-link"
  rel="test-rel"
  target="_blank"
>
  <div>
    test
  </div>
</a>
`;
