// Jest Snapshot v1, https://goo.gl/fbAQLP

exports[`RepoList should render children 1`] = `
.c0 {
  display: grid;
  width: 100%;
  margin-top: 2rem;
  margin-bottom: 2rem;
  -webkit-box-pack: center;
  -webkit-justify-content: center;
  -ms-flex-pack: center;
  justify-content: center;
  -webkit-align-content: center;
  -ms-flex-line-pack: center;
  align-content: center;
  -webkit-align-items: flex-start;
  -webkit-box-align: flex-start;
  -ms-flex-align: flex-start;
  align-items: flex-start;
  grid-template-columns: repeat(auto-fit,minmax(18.75rem,1fr));
  -webkit-column-gap: 1.5rem;
  column-gap: 1.5rem;
  row-gap: 1.5rem;
}

@media (max-width:62.5rem) {
  .c0 {
    -webkit-column-gap: 1rem;
    column-gap: 1rem;
    row-gap: 1rem;
  }
}

<div
  class="c0"
>
  <div>
    test1
  </div>
  <div>
    test2
  </div>
</div>
`;
